// Jest Snapshot v1, https://goo.gl/fbAQLP

exports[`should be dashboard page 1`] = `
<div>
  <Connect(ExpenseListFilter) />
  <Connect(ExpenseListe) />
</div>
`;
